[0.011s] Invoking command in '/home/miao/planning_with_ROS2_ws/build/base_msgs': /usr/bin/cmake --build /home/miao/planning_with_ROS2_ws/build/base_msgs -- -j20 -l20
[0.153s] -- Found ament_cmake: 1.3.11 (/opt/ros/humble/share/ament_cmake/cmake)
[0.153s] -- Found rosidl_default_generators: 1.2.0 (/opt/ros/humble/share/rosidl_default_generators/cmake)
[0.154s] -- Using all available rosidl_typesupport_c: rosidl_typesupport_fastrtps_c;rosidl_typesupport_introspection_c
[0.154s] -- Found rosidl_adapter: 3.1.6 (/opt/ros/humble/share/rosidl_adapter/cmake)
[0.154s] -- Using all available rosidl_typesupport_cpp: rosidl_typesupport_fastrtps_cpp;rosidl_typesupport_introspection_cpp
[0.158s] -- Found visualization_msgs: 4.2.4 (/opt/ros/humble/share/visualization_msgs/cmake)
[0.221s] -- Found nav_msgs: 4.2.4 (/opt/ros/humble/share/nav_msgs/cmake)
[0.231s] -- Found ament_lint_auto: 0.12.11 (/opt/ros/humble/share/ament_lint_auto/cmake)
[0.260s] Error parsing '/home/miao/planning_with_ROS2_ws/src/base_msgs/package.xml':
[0.285s] Traceback (most recent call last):
[0.286s]   File "/usr/lib/python3/dist-packages/catkin_pkg/package.py", line 610, in parse_package_string
[0.286s]     root = dom.parseString(data)
[0.286s]   File "/usr/lib/python3.10/xml/dom/minidom.py", line 2000, in parseString
[0.286s]     return expatbuilder.parseString(string)
[0.286s]   File "/usr/lib/python3.10/xml/dom/expatbuilder.py", line 925, in parseString
[0.286s]     return builder.parseString(string)
[0.287s]   File "/usr/lib/python3.10/xml/dom/expatbuilder.py", line 223, in parseString
[0.287s]     parser.Parse(string, True)
[0.287s] xml.parsers.expat.ExpatError: mismatched tag: line 11, column 47
[0.287s] 
[0.287s] During handling of the above exception, another exception occurred:
[0.287s] 
[0.287s] Traceback (most recent call last):
[0.288s]   File "/opt/ros/humble/share/ament_cmake_core/cmake/core/package_xml_2_cmake.py", line 150, in <module>
[0.288s]     main()
[0.288s]   File "/opt/ros/humble/share/ament_cmake_core/cmake/core/package_xml_2_cmake.py", line 53, in main
[0.288s]     raise e
[0.288s]   File "/opt/ros/humble/share/ament_cmake_core/cmake/core/package_xml_2_cmake.py", line 49, in main
[0.289s]     package = parse_package_string(
[0.289s]   File "/usr/lib/python3/dist-packages/catkin_pkg/package.py", line 612, in parse_package_string
[0.289s]     raise InvalidPackage('The manifest contains invalid XML:\n%s' % ex, filename)
[0.290s] catkin_pkg.package.InvalidPackage: Error(s) in package '/home/miao/planning_with_ROS2_ws/src/base_msgs/package.xml':
[0.290s] The manifest contains invalid XML:
[0.290s] mismatched tag: line 11, column 47
[0.293s] [31mCMake Error at /opt/ros/humble/share/ament_cmake_core/cmake/core/ament_package_xml.cmake:95 (message):
[0.293s]   execute_process(/usr/bin/python3
[0.293s]   /opt/ros/humble/share/ament_cmake_core/cmake/core/package_xml_2_cmake.py
[0.293s]   /home/miao/planning_with_ROS2_ws/src/base_msgs/package.xml
[0.293s]   /home/miao/planning_with_ROS2_ws/build/base_msgs/ament_cmake_core/package.cmake)
[0.293s]   returned error code 1
[0.293s] Call Stack (most recent call first):
[0.293s]   /opt/ros/humble/share/ament_cmake_core/cmake/core/ament_package_xml.cmake:49 (_ament_package_xml)
[0.293s]   /opt/ros/humble/share/ament_lint_auto/cmake/ament_lint_auto_find_test_dependencies.cmake:31 (ament_package_xml)
[0.294s]   CMakeLists.txt:41 (ament_lint_auto_find_test_dependencies)
[0.294s] 
[0.294s] [0m
[0.294s] -- Configuring incomplete, errors occurred!
[0.294s] See also "/home/miao/planning_with_ROS2_ws/build/base_msgs/CMakeFiles/CMakeOutput.log".
[0.296s] gmake: *** [Makefile:226ï¼šcmake_check_build_system] é”™è¯¯ 1
[0.298s] Invoked command in '/home/miao/planning_with_ROS2_ws/build/base_msgs' returned '2': /usr/bin/cmake --build /home/miao/planning_with_ROS2_ws/build/base_msgs -- -j20 -l20
